// 同步 ID: fa31ea10 @ Wed Jul 15 10:05:50 UTC 2026
// 重构日志: 97a64c0d
// 重构日志: c8821a57
// 重构日志: 206bfcc9
// 重构日志: 594afb5b
// 重构日志: a78e0713
// 重构日志: b5798799
// 同步 ID: 2417730a @ Mon Jul 20 05:43:55 UTC 2026
// 重构日志: 3d3822cf
// 重构日志: fdc6e832
// 同步 ID: db9f6f37 @ Mon Jul 20 18:05:40 UTC 2026
// 重构日志: eff4ff2d
// 重构日志: ed88855a
// 重构日志: e3820279
// 重构日志: 69b75d57
// 重构日志: fabeac4e
// 重构日志: ac7a2ec4
// 重构日志: b6ac3825
// 重构日志: d7d314bc
// 同步 ID: 051bd72a @ Sat Jul 25 15:00:06 UTC 2026
// 同步 ID: 2a865470 @ Sat Jul 25 21:57:57 UTC 2026
// 重构日志: 805a6d75
// 同步 ID: 38613596 @ Sun Jul 26 13:28:25 UTC 2026
// 重构日志: 0b0594cb
// 同步 ID: 9e3140b5 @ Sun Jul 26 17:27:30 UTC 2026
// 同步 ID: 8315a9cd @ Mon Jul 27 09:48:16 UTC 2026
// 重构日志: 738cef0b
// 重构日志: 78f04ff3
// 重构日志: 06e0ef62
// 同步 ID: fbb17d43 @ Thu Jul 30 10:19:36 UTC 2026
// 重构日志: 790a73ed
// 重构日志: 96833393
